Starting a Gradle Daemon (subsequent builds will be faster)

> Configure project :app
w: file:///workspace/scratch/inkweft-study/InkWeft-improvements/android/app/build.gradle.kts:62:46: 'fun srcDir(srcDir: Any): Any' is deprecated. Use `directories` mutable set instead.

> Task :core-domain:checkKotlinGradlePluginConfigurationErrors SKIPPED
> Task :core-domain:processResources NO-SOURCE
> Task :core-domain:processTestResources NO-SOURCE
> Task :app:preBuild UP-TO-DATE
> Task :app:preDebugBuild UP-TO-DATE
> Task :app:generateDebugBuildConfig
> Task :app:generateDebugResources UP-TO-DATE
> Task :app:packageDebugResources UP-TO-DATE
> Task :data-local:preBuild UP-TO-DATE
> Task :data-local:preDebugBuild UP-TO-DATE
> Task :data-local:processDebugNavigationResources UP-TO-DATE
> Task :app:processDebugNavigationResources UP-TO-DATE
> Task :app:parseDebugLocalResources UP-TO-DATE
> Task :app:generateDebugRFile UP-TO-DATE
> Task :data-local:generateDebugResources UP-TO-DATE
> Task :data-local:packageDebugResources UP-TO-DATE
> Task :data-local:parseDebugLocalResources UP-TO-DATE
> Task :data-local:generateDebugRFile UP-TO-DATE
> Task :data-local:javaPreCompileDebug UP-TO-DATE
> Task :app:javaPreCompileDebug UP-TO-DATE
> Task :data-local:writeDebugAarMetadata UP-TO-DATE
> Task :app:checkDebugAarMetadata UP-TO-DATE
> Task :app:mapDebugSourceSetPaths UP-TO-DATE
> Task :app:compileDebugNavigationResources UP-TO-DATE
> Task :app:mergeDebugResources UP-TO-DATE
> Task :app:createDebugCompatibleScreenManifests
> Task :app:extractDeepLinksDebug UP-TO-DATE
> Task :data-local:extractDeepLinksDebug UP-TO-DATE
> Task :data-local:processDebugManifest UP-TO-DATE
> Task :app:processDebugMainManifest
> Task :app:processDebugManifest
> Task :data-local:mapDebugSourceSetPaths UP-TO-DATE
> Task :data-local:compileDebugLibraryResources UP-TO-DATE
> Task :app:preDebugAndroidTestBuild SKIPPED
> Task :app:processDebugAndroidTestManifest UP-TO-DATE
> Task :app:generateDebugAndroidTestBuildConfig UP-TO-DATE
> Task :app:generateDebugAndroidTestResources UP-TO-DATE
> Task :app:packageDebugAndroidTestResources UP-TO-DATE
> Task :app:processDebugManifestForPackage
> Task :app:processDebugAndroidTestNavigationResources UP-TO-DATE
> Task :app:parseDebugAndroidTestLocalResources UP-TO-DATE
> Task :app:generateDebugAndroidTestRFile UP-TO-DATE
> Task :data-local:preDebugAndroidTestBuild UP-TO-DATE
> Task :data-local:generateDebugAndroidTestResources UP-TO-DATE
> Task :data-local:packageDebugAndroidTestResources UP-TO-DATE
> Task :data-local:processDebugAndroidTestNavigationResources UP-TO-DATE
> Task :data-local:parseDebugAndroidTestLocalResources UP-TO-DATE
> Task :data-local:generateDebugAndroidTestRFile UP-TO-DATE
> Task :app:processDebugResources
> Task :core-domain:compileKotlin
> Task :core-domain:compileJava NO-SOURCE
> Task :core-domain:classes UP-TO-DATE
> Task :core-domain:jar
> Task :core-domain:compileTestKotlin
> Task :core-domain:compileTestJava NO-SOURCE
> Task :core-domain:testClasses UP-TO-DATE
> Task :core-domain:test
> Task :data-local:kspDebugKotlin
> Task :data-local:compileDebugKotlin
> Task :data-local:compileDebugJavaWithJavac NO-SOURCE
> Task :data-local:bundleLibCompileToJarDebug
> Task :data-local:kspDebugAndroidTestKotlin
> Task :data-local:compileDebugAndroidTestKotlin

> Task :app:compileDebugKotlin
w: file:///workspace/scratch/inkweft-study/InkWeft-improvements/android/app/src/main/java/org/inkweft/app/ReviewSourceDialog.kt:29:111 'val id: Long' is deprecated. Deprecated in Java.

> Task :app:compileDebugJavaWithJavac
> Task :app:bundleDebugClassesToCompileJar

> Task :app:compileDebugAndroidTestKotlin
w: file:///workspace/scratch/inkweft-study/InkWeft-improvements/android/app/src/androidTest/java/org/inkweft/app/BeautyNativeReplayTest.kt:126:33 Unnecessary non-null assertion (!!) on a non-null receiver of type 'BeautyDiagnostics.Trace'.
w: file:///workspace/scratch/inkweft-study/InkWeft-improvements/android/app/src/androidTest/java/org/inkweft/app/PrivacyExitProbe.kt:102:49 Unnecessary non-null assertion (!!) on a non-null receiver of type 'LibraryBackupRepository.Snapshot'.
w: file:///workspace/scratch/inkweft-study/InkWeft-improvements/android/app/src/androidTest/java/org/inkweft/app/PrivacyExitProbe.kt:113:63 Unnecessary non-null assertion (!!) on a non-null receiver of type 'LibraryBackupRepository.Snapshot'.
w: file:///workspace/scratch/inkweft-study/InkWeft-improvements/android/app/src/androidTest/java/org/inkweft/app/PrivacyExitProbe.kt:128:56 Unnecessary non-null assertion (!!) on a non-null receiver of type 'Uri'.
w: file:///workspace/scratch/inkweft-study/InkWeft-improvements/android/app/src/androidTest/java/org/inkweft/app/StarNoteInteractionsUiTest.kt:111:84 'static fun getWindowInsetsController(p0: View): WindowInsetsControllerCompat?' is deprecated. Deprecated in Java.

BUILD SUCCESSFUL in 57s
53 actionable tasks: 19 executed, 34 up-to-date
