> Task :data-local:preBuild UP-TO-DATE
> Task :data-local:preDebugBuild UP-TO-DATE
> Task :data-local:checkDebugAarMetadata UP-TO-DATE
> Task :data-local:mergeDebugJniLibFolders UP-TO-DATE
> Task :data-local:mergeDebugNativeLibs NO-SOURCE
> Task :data-local:stripDebugDebugSymbols NO-SOURCE
> Task :data-local:copyDebugJniLibsProjectAndLocalJars UP-TO-DATE
> Task :core-domain:checkKotlinGradlePluginConfigurationErrors SKIPPED
> Task :core-domain:compileKotlin UP-TO-DATE
> Task :core-domain:compileJava NO-SOURCE
> Task :core-domain:processResources NO-SOURCE
> Task :core-domain:classes UP-TO-DATE
> Task :core-domain:jar UP-TO-DATE
> Task :data-local:generateDebugResources UP-TO-DATE
> Task :data-local:packageDebugResources UP-TO-DATE
> Task :data-local:processDebugNavigationResources UP-TO-DATE
> Task :data-local:parseDebugLocalResources UP-TO-DATE
> Task :data-local:generateDebugRFile UP-TO-DATE
> Task :data-local:kspDebugKotlin UP-TO-DATE
> Task :data-local:extractDebugAnnotations
> Task :data-local:extractDeepLinksForAarDebug UP-TO-DATE
> Task :data-local:generateDebugAssets UP-TO-DATE
> Task :data-local:mergeDebugAssets UP-TO-DATE
> Task :data-local:compileDebugKotlin UP-TO-DATE
> Task :data-local:javaPreCompileDebug UP-TO-DATE
> Task :data-local:compileDebugJavaWithJavac NO-SOURCE
> Task :data-local:mergeDebugGeneratedProguardFiles UP-TO-DATE
> Task :data-local:mergeDebugConsumerProguardFiles UP-TO-DATE
> Task :data-local:prepareDebugArtProfile UP-TO-DATE
> Task :data-local:prepareLintJarForPublish UP-TO-DATE
> Task :data-local:processDebugManifest UP-TO-DATE
> Task :data-local:processDebugJavaRes UP-TO-DATE
> Task :data-local:mergeDebugJavaResource UP-TO-DATE
> Task :data-local:syncDebugLibJars
> Task :data-local:writeDebugAarMetadata UP-TO-DATE
> Task :data-local:bundleDebugLocalLintAar
> Task :app:preBuild UP-TO-DATE
> Task :app:preDebugBuild UP-TO-DATE
> Task :app:generateDebugBuildConfig UP-TO-DATE
> Task :app:generateDebugResources UP-TO-DATE
> Task :app:packageDebugResources UP-TO-DATE
> Task :app:processDebugNavigationResources UP-TO-DATE
> Task :app:parseDebugLocalResources UP-TO-DATE
> Task :app:generateDebugRFile UP-TO-DATE
> Task :data-local:bundleLibCompileToJarDebug UP-TO-DATE
> Task :app:compileDebugKotlin UP-TO-DATE
> Task :app:javaPreCompileDebug UP-TO-DATE
> Task :app:compileDebugJavaWithJavac UP-TO-DATE
> Task :app:checkDebugAarMetadata UP-TO-DATE
> Task :app:mapDebugSourceSetPaths UP-TO-DATE
> Task :app:compileDebugNavigationResources UP-TO-DATE
> Task :app:mergeDebugResources UP-TO-DATE
> Task :app:createDebugCompatibleScreenManifests UP-TO-DATE
> Task :app:extractDeepLinksDebug UP-TO-DATE
> Task :data-local:extractDeepLinksDebug UP-TO-DATE
> Task :app:processDebugMainManifest UP-TO-DATE
> Task :app:processDebugManifest UP-TO-DATE
> Task :app:processDebugManifestForPackage UP-TO-DATE
> Task :data-local:mapDebugSourceSetPaths UP-TO-DATE
> Task :data-local:compileDebugLibraryResources UP-TO-DATE
> Task :app:processDebugResources UP-TO-DATE
> Task :app:bundleDebugClassesToCompileJar UP-TO-DATE
> Task :app:preDebugAndroidTestBuild SKIPPED
> Task :data-local:writeDebugLintModelMetadata UP-TO-DATE
> Task :app:extractProguardFiles UP-TO-DATE
> Task :data-local:extractProguardFiles UP-TO-DATE
> Task :data-local:bundleLibRuntimeToJarDebug
> Task :data-local:generateDebugLintModel
> Task :data-local:createFullJarDebug
> Task :app:generateDebugAndroidTestLintModel
> Task :app:generateDebugLintReportModel
> Task :app:preDebugUnitTestBuild UP-TO-DATE
> Task :app:generateDebugUnitTestLintModel
> Task :data-local:preDebugAndroidTestBuild UP-TO-DATE
> Task :data-local:generateDebugAndroidTestLintModel
> Task :data-local:preDebugUnitTestBuild UP-TO-DATE
> Task :data-local:generateDebugUnitTestLintModel
> Task :app:lintAnalyzeDebugUnitTest
> Task :data-local:lintAnalyzeDebugUnitTest
> Task :data-local:lintAnalyzeDebug
> Task :app:lintAnalyzeDebugAndroidTest
> Task :data-local:lintAnalyzeDebugAndroidTest
> Task :app:lintAnalyzeDebug

> Task :app:lintReportDebug
Wrote HTML report to file:///workspace/scratch/inkweft-study/InkWeft-improvements/android/app/build/reports/lint-results-debug.html

> Task :app:lintDebug

BUILD SUCCESSFUL in 3m 43s
69 actionable tasks: 19 executed, 50 up-to-date
