JUnit version 4.13.2
..E.
Time: 0.075
There was 1 failure:
1) immediateSuccessAndCompletedFailureBothReleaseTheirOwnGate(org.inkweft.app.CaptureJobRegistrationTest)
java.lang.AssertionError
	at org.junit.Assert.fail(Assert.java:87)
	at org.junit.Assert.assertTrue(Assert.java:42)
	at org.junit.Assert.assertFalse(Assert.java:65)
	at org.junit.Assert.assertFalse(Assert.java:75)
	at org.inkweft.app.CaptureJobRegistrationTest$immediateSuccessAndCompletedFailureBothReleaseTheirOwnGate$1.invokeSuspend(DefaultCaptureJobRegistrationTest.kt:30)
	at kotlin.coroutines.jvm.internal.BaseContinuationImpl.resumeWith(ContinuationImpl.kt:34)
	at kotlinx.coroutines.DispatchedTask.run(DispatchedTask.kt:100)
	at kotlinx.coroutines.EventLoopImplBase.processNextEvent(EventLoop.common.kt:263)
	at kotlinx.coroutines.BlockingCoroutine.joinBlocking(Builders.kt:94)
	at kotlinx.coroutines.BuildersKt__BuildersKt.runBlocking(Builders.kt:70)
	at kotlinx.coroutines.BuildersKt.runBlocking(Unknown Source)
	at kotlinx.coroutines.BuildersKt__BuildersKt.runBlocking$default(Builders.kt:48)
	at kotlinx.coroutines.BuildersKt.runBlocking$default(Unknown Source)
	at org.inkweft.app.CaptureJobRegistrationTest.immediateSuccessAndCompletedFailureBothReleaseTheirOwnGate(DefaultCaptureJobRegistrationTest.kt:25)

FAILURES!!!
Tests run: 3,  Failures: 1

