To honour the JVM settings for this build a single-use Daemon process will be forked. For more on this, please refer to https://docs.gradle.org/9.4.1/userguide/gradle_daemon.html#sec:disabling_the_daemon in the Gradle documentation.
Daemon will be stopped at the end of the build
> Task :core-domain:checkKotlinGradlePluginConfigurationErrors SKIPPED
> Task :core-domain:processResources NO-SOURCE
> Task :core-domain:processTestResources NO-SOURCE
> Task :app:preBuild UP-TO-DATE
> Task :app:preDebugBuild UP-TO-DATE
> Task :app:generateDebugBuildConfig UP-TO-DATE
> Task :app:generateDebugResources UP-TO-DATE
> Task :app:packageDebugResources UP-TO-DATE
> Task :data-local:preBuild UP-TO-DATE
> Task :data-local:preDebugBuild UP-TO-DATE
> Task :data-local:processDebugNavigationResources UP-TO-DATE
> Task :app:processDebugNavigationResources UP-TO-DATE
> Task :app:parseDebugLocalResources UP-TO-DATE
> Task :app:generateDebugRFile UP-TO-DATE
> Task :data-local:generateDebugResources UP-TO-DATE
> Task :data-local:packageDebugResources UP-TO-DATE
> Task :data-local:parseDebugLocalResources UP-TO-DATE
> Task :data-local:generateDebugRFile UP-TO-DATE
> Task :data-local:javaPreCompileDebug UP-TO-DATE
> Task :app:javaPreCompileDebug UP-TO-DATE
> Task :data-local:writeDebugAarMetadata UP-TO-DATE
> Task :app:checkDebugAarMetadata UP-TO-DATE
> Task :app:mapDebugSourceSetPaths UP-TO-DATE
> Task :app:compileDebugNavigationResources UP-TO-DATE
> Task :app:mergeDebugResources UP-TO-DATE
> Task :app:createDebugCompatibleScreenManifests UP-TO-DATE
> Task :app:extractDeepLinksDebug UP-TO-DATE
> Task :data-local:extractDeepLinksDebug UP-TO-DATE
> Task :data-local:processDebugManifest UP-TO-DATE
> Task :app:processDebugMainManifest UP-TO-DATE
> Task :app:processDebugManifest UP-TO-DATE
> Task :app:processDebugManifestForPackage UP-TO-DATE
> Task :data-local:mapDebugSourceSetPaths UP-TO-DATE
> Task :data-local:compileDebugLibraryResources UP-TO-DATE
> Task :app:processDebugResources UP-TO-DATE
> Task :app:preDebugAndroidTestBuild SKIPPED
> Task :app:processDebugAndroidTestManifest UP-TO-DATE
> Task :app:generateDebugAndroidTestBuildConfig UP-TO-DATE
> Task :app:generateDebugAndroidTestResources UP-TO-DATE
> Task :app:packageDebugAndroidTestResources UP-TO-DATE
> Task :app:processDebugAndroidTestNavigationResources UP-TO-DATE
> Task :app:parseDebugAndroidTestLocalResources UP-TO-DATE
> Task :app:generateDebugAndroidTestRFile UP-TO-DATE
> Task :data-local:preDebugAndroidTestBuild UP-TO-DATE
> Task :data-local:generateDebugAndroidTestResources UP-TO-DATE
> Task :data-local:packageDebugAndroidTestResources UP-TO-DATE
> Task :data-local:processDebugAndroidTestNavigationResources UP-TO-DATE
> Task :data-local:parseDebugAndroidTestLocalResources UP-TO-DATE
> Task :data-local:generateDebugAndroidTestRFile UP-TO-DATE
> Task :core-domain:compileKotlin
> Task :core-domain:compileJava NO-SOURCE
> Task :core-domain:classes UP-TO-DATE
> Task :core-domain:jar
> Task :core-domain:compileTestKotlin
> Task :core-domain:compileTestJava NO-SOURCE
> Task :core-domain:testClasses UP-TO-DATE
> Task :data-local:kspDebugKotlin
> Task :core-domain:test
> Task :data-local:compileDebugKotlin
> Task :data-local:compileDebugJavaWithJavac NO-SOURCE
> Task :data-local:bundleLibCompileToJarDebug UP-TO-DATE
> Task :data-local:kspDebugAndroidTestKotlin
> Task :app:compileDebugKotlin
> Task :data-local:compileDebugAndroidTestKotlin
> Task :app:compileDebugJavaWithJavac UP-TO-DATE
> Task :app:bundleDebugClassesToCompileJar UP-TO-DATE
> Task :app:compileDebugAndroidTestKotlin

BUILD SUCCESSFUL in 23s
53 actionable tasks: 10 executed, 43 up-to-date
