
> Configure project :app
w: file://<repo>/android/app/build.gradle.kts:62:46: 'fun srcDir(srcDir: Any): Any' is deprecated. Use `directories` mutable set instead.

> Task :core-domain:checkKotlinGradlePluginConfigurationErrors SKIPPED
> Task :core-domain:processResources NO-SOURCE
> Task :core-domain:processTestResources NO-SOURCE
> Task :app:preBuild UP-TO-DATE
> Task :app:preDebugBuild UP-TO-DATE
> Task :app:generateDebugBuildConfig
> Task :app:generateDebugResources UP-TO-DATE
> Task :app:packageDebugResources UP-TO-DATE
> Task :data-local:preBuild UP-TO-DATE
> Task :data-local:preDebugBuild UP-TO-DATE
> Task :data-local:processDebugNavigationResources UP-TO-DATE
> Task :app:processDebugNavigationResources UP-TO-DATE
> Task :app:parseDebugLocalResources UP-TO-DATE
> Task :app:generateDebugRFile UP-TO-DATE
> Task :data-local:generateDebugResources UP-TO-DATE
> Task :data-local:packageDebugResources UP-TO-DATE
> Task :data-local:parseDebugLocalResources UP-TO-DATE
> Task :data-local:generateDebugRFile UP-TO-DATE
> Task :data-local:javaPreCompileDebug UP-TO-DATE
> Task :app:javaPreCompileDebug UP-TO-DATE
> Task :data-local:writeDebugAarMetadata UP-TO-DATE
> Task :app:checkDebugAarMetadata UP-TO-DATE
> Task :app:mapDebugSourceSetPaths UP-TO-DATE
> Task :app:compileDebugNavigationResources UP-TO-DATE
> Task :app:mergeDebugResources UP-TO-DATE
> Task :app:createDebugCompatibleScreenManifests
> Task :app:extractDeepLinksDebug UP-TO-DATE
> Task :data-local:extractDeepLinksDebug UP-TO-DATE
> Task :data-local:processDebugManifest UP-TO-DATE
> Task :app:processDebugMainManifest
> Task :app:processDebugManifest
> Task :data-local:mapDebugSourceSetPaths UP-TO-DATE
> Task :data-local:compileDebugLibraryResources UP-TO-DATE
> Task :app:preDebugAndroidTestBuild SKIPPED
> Task :app:processDebugAndroidTestManifest UP-TO-DATE
> Task :app:generateDebugAndroidTestBuildConfig UP-TO-DATE
> Task :app:generateDebugAndroidTestResources UP-TO-DATE
> Task :app:packageDebugAndroidTestResources UP-TO-DATE
> Task :app:processDebugManifestForPackage
> Task :app:processDebugAndroidTestNavigationResources UP-TO-DATE
> Task :app:parseDebugAndroidTestLocalResources UP-TO-DATE
> Task :app:generateDebugAndroidTestRFile UP-TO-DATE
> Task :data-local:preDebugAndroidTestBuild UP-TO-DATE
> Task :data-local:generateDebugAndroidTestResources UP-TO-DATE
> Task :data-local:packageDebugAndroidTestResources UP-TO-DATE
> Task :data-local:processDebugAndroidTestNavigationResources UP-TO-DATE
> Task :data-local:parseDebugAndroidTestLocalResources UP-TO-DATE
> Task :data-local:generateDebugAndroidTestRFile UP-TO-DATE
> Task :app:processDebugResources
> Task :core-domain:compileKotlin
> Task :core-domain:compileJava NO-SOURCE
> Task :core-domain:classes UP-TO-DATE
> Task :core-domain:jar
> Task :core-domain:compileTestKotlin
> Task :core-domain:compileTestJava NO-SOURCE
> Task :core-domain:testClasses UP-TO-DATE
> Task :core-domain:test
> Task :data-local:kspDebugKotlin
> Task :data-local:compileDebugKotlin
> Task :data-local:compileDebugJavaWithJavac NO-SOURCE
> Task :data-local:bundleLibCompileToJarDebug
> Task :data-local:kspDebugAndroidTestKotlin

> Task :data-local:compileDebugAndroidTestKotlin
w: file://<repo>/android/data-local/src/androidTest/kotlin/org/inkweft/data/PageAuthoringRepositoryTest.kt:134:42 The corresponding parameter in the supertype 'Rows' is named 'consume'. This may cause problems when calling this function with named arguments.

> Task :app:compileDebugKotlin
w: file://<repo>/android/app/src/main/java/org/inkweft/app/InkScreen.kt:476:72 Condition is always 'false'.
w: file://<repo>/android/app/src/main/java/org/inkweft/app/InkScreen.kt:490:18 Condition is always 'true'.
w: file://<repo>/android/app/src/main/java/org/inkweft/app/InkScreen.kt:528:340 Condition is always 'true'.
w: file://<repo>/android/app/src/main/java/org/inkweft/app/InkScreen.kt:753:303 Elvis operator (?:) always returns the left operand of non-nullable type 'WorkspaceRow'.
w: file://<repo>/android/app/src/main/java/org/inkweft/app/InkWeftApplication.kt:41:114 'static field TRIM_MEMORY_RUNNING_LOW: Int' is deprecated. Deprecated in Java.
w: file://<repo>/android/app/src/main/java/org/inkweft/app/ReviewSourceDialog.kt:29:111 'val id: Long' is deprecated. Deprecated in Java.
w: file://<repo>/android/app/src/main/java/org/inkweft/app/StudyWorkspace.kt:318:103 Condition is always 'true'.
w: file://<repo>/android/app/src/main/java/org/inkweft/app/StudyWorkspace.kt:329:27 Elvis operator (?:) always returns the left operand of non-nullable type 'StudyGraphSnapshot'.
w: file://<repo>/android/app/src/main/java/org/inkweft/app/StudyWorkspace.kt:425:27 Elvis operator (?:) always returns the left operand of non-nullable type 'StudyGraphSnapshot'.
w: file://<repo>/android/app/src/main/java/org/inkweft/app/StudyWorkspace.kt:640:81 Unnecessary safe call on a non-null receiver of type 'StudyGraphSnapshot'.
w: file://<repo>/android/app/src/main/java/org/inkweft/app/StudyWorkspace.kt:892:74 Unnecessary safe call on a non-null receiver of type 'StudyGraphSnapshot'.
w: file://<repo>/android/app/src/main/java/org/inkweft/app/StudyWorkspace.kt:897:74 Unnecessary safe call on a non-null receiver of type 'StudyGraphSnapshot'.
w: file://<repo>/android/app/src/main/java/org/inkweft/app/StudyWorkspace.kt:949:49 Condition is always 'true'.
w: file://<repo>/android/app/src/main/java/org/inkweft/app/StudyWorkspace.kt:953:1791 Unnecessary safe call on a non-null receiver of type 'StudyGraphSnapshot'.
w: file://<repo>/android/app/src/main/java/org/inkweft/app/StudyWorkspace.kt:1440:50 Unnecessary safe call on a non-null receiver of type 'StudyGraphSnapshot'.

> Task :app:compileDebugJavaWithJavac
> Task :app:bundleDebugClassesToCompileJar

> Task :app:compileDebugAndroidTestKotlin
w: file://<repo>/android/app/src/androidTest/java/org/inkweft/app/BeautyNativeReplayTest.kt:126:33 Unnecessary non-null assertion (!!) on a non-null receiver of type 'BeautyDiagnostics.Trace'.

BUILD SUCCESSFUL in 47s
53 actionable tasks: 19 executed, 34 up-to-date
