> Task :app:preBuild UP-TO-DATE
> Task :app:preDebugBuild UP-TO-DATE
> Task :app:mergeDebugNativeDebugMetadata NO-SOURCE
> Task :core-domain:checkKotlinGradlePluginConfigurationErrors SKIPPED
> Task :core-domain:compileKotlin UP-TO-DATE
> Task :core-domain:compileJava NO-SOURCE
> Task :core-domain:processResources NO-SOURCE
> Task :core-domain:classes UP-TO-DATE
> Task :core-domain:jar UP-TO-DATE
> Task :app:generateDebugBuildConfig UP-TO-DATE
> Task :app:generateDebugResources UP-TO-DATE
> Task :app:packageDebugResources UP-TO-DATE
> Task :data-local:preBuild UP-TO-DATE
> Task :data-local:preDebugBuild UP-TO-DATE
> Task :data-local:processDebugNavigationResources UP-TO-DATE
> Task :app:processDebugNavigationResources FAILED

FAILURE: Build failed with an exception.

* What went wrong:
Execution failed for task ':app:processDebugNavigationResources'.
> Could not resolve all files for configuration ':app:debugRuntimeClasspath'.
   > Could not resolve com.artifex.mupdf:fitz:1.28.5.
     Required by:
         project ':app'
      > Could not resolve com.artifex.mupdf:fitz:1.28.5.
         > Could not get resource 'https://maven.ghostscript.com/com/artifex/mupdf/fitz/1.28.5/fitz-1.28.5.pom'.
            > Could not GET 'https://maven.ghostscript.com/com/artifex/mupdf/fitz/1.28.5/fitz-1.28.5.pom'. Received status code 403 from server: Forbidden

* Try:
> Run with --stacktrace option to get the stack trace.
> Run with --info or --debug option to get more log output.
> Run with --scan to get full insights from a Build Scan (powered by Develocity).
> Get more help at https://help.gradle.org.

BUILD FAILED in 2s
7 actionable tasks: 1 executed, 6 up-to-date
