> Task :core-domain:checkKotlinGradlePluginConfigurationErrors SKIPPED
> Task :core-domain:processResources NO-SOURCE
> Task :core-domain:processTestResources NO-SOURCE
> Task :app:preBuild UP-TO-DATE
> Task :app:preDebugBuild UP-TO-DATE
> Task :app:generateDebugBuildConfig UP-TO-DATE
> Task :app:generateDebugResources UP-TO-DATE
> Task :app:packageDebugResources UP-TO-DATE
> Task :data-local:preBuild UP-TO-DATE
> Task :data-local:preDebugBuild UP-TO-DATE
> Task :data-local:processDebugNavigationResources UP-TO-DATE
> Task :app:processDebugNavigationResources UP-TO-DATE
> Task :app:parseDebugLocalResources UP-TO-DATE
> Task :app:generateDebugRFile UP-TO-DATE
> Task :data-local:generateDebugResources UP-TO-DATE
> Task :data-local:packageDebugResources UP-TO-DATE
> Task :data-local:parseDebugLocalResources UP-TO-DATE
> Task :data-local:generateDebugRFile UP-TO-DATE
> Task :data-local:javaPreCompileDebug UP-TO-DATE
> Task :app:javaPreCompileDebug UP-TO-DATE
> Task :data-local:writeDebugAarMetadata UP-TO-DATE
> Task :app:checkDebugAarMetadata UP-TO-DATE
> Task :app:mapDebugSourceSetPaths UP-TO-DATE
> Task :app:compileDebugNavigationResources UP-TO-DATE
> Task :app:mergeDebugResources UP-TO-DATE
> Task :app:createDebugCompatibleScreenManifests UP-TO-DATE
> Task :app:extractDeepLinksDebug UP-TO-DATE
> Task :data-local:extractDeepLinksDebug UP-TO-DATE
> Task :data-local:processDebugManifest UP-TO-DATE
> Task :app:processDebugMainManifest UP-TO-DATE
> Task :app:processDebugManifest UP-TO-DATE
> Task :app:processDebugManifestForPackage UP-TO-DATE
> Task :data-local:mapDebugSourceSetPaths UP-TO-DATE
> Task :data-local:compileDebugLibraryResources UP-TO-DATE
> Task :core-domain:compileKotlin
> Task :app:processDebugResources UP-TO-DATE
> Task :core-domain:compileJava NO-SOURCE
> Task :core-domain:classes UP-TO-DATE
> Task :core-domain:jar
> Task :core-domain:compileTestKotlin
> Task :core-domain:compileTestJava NO-SOURCE
> Task :core-domain:testClasses UP-TO-DATE
> Task :data-local:kspDebugKotlin
> Task :core-domain:test
> Task :app:preDebugAndroidTestBuild SKIPPED
> Task :app:processDebugAndroidTestManifest UP-TO-DATE
> Task :app:generateDebugAndroidTestBuildConfig UP-TO-DATE
> Task :app:generateDebugAndroidTestResources UP-TO-DATE
> Task :app:packageDebugAndroidTestResources UP-TO-DATE
> Task :app:processDebugAndroidTestNavigationResources UP-TO-DATE
> Task :app:parseDebugAndroidTestLocalResources UP-TO-DATE
> Task :app:generateDebugAndroidTestRFile UP-TO-DATE
> Task :data-local:preDebugAndroidTestBuild UP-TO-DATE
> Task :data-local:generateDebugAndroidTestResources UP-TO-DATE
> Task :data-local:packageDebugAndroidTestResources UP-TO-DATE
> Task :data-local:processDebugAndroidTestNavigationResources UP-TO-DATE
> Task :data-local:parseDebugAndroidTestLocalResources UP-TO-DATE
> Task :data-local:generateDebugAndroidTestRFile UP-TO-DATE
> Task :data-local:checkDebugAarMetadata UP-TO-DATE
> Task :data-local:mergeDebugJniLibFolders UP-TO-DATE
> Task :data-local:mergeDebugNativeLibs NO-SOURCE
> Task :data-local:stripDebugDebugSymbols NO-SOURCE
> Task :data-local:copyDebugJniLibsProjectAndLocalJars UP-TO-DATE
> Task :data-local:compileDebugKotlin
> Task :data-local:extractDebugAnnotations
> Task :data-local:compileDebugJavaWithJavac NO-SOURCE
> Task :data-local:bundleLibCompileToJarDebug UP-TO-DATE
> Task :data-local:kspDebugAndroidTestKotlin
> Task :data-local:compileDebugAndroidTestKotlin
> Task :data-local:extractDeepLinksForAarDebug UP-TO-DATE
> Task :data-local:generateDebugAssets UP-TO-DATE
> Task :data-local:mergeDebugAssets UP-TO-DATE
> Task :data-local:mergeDebugGeneratedProguardFiles UP-TO-DATE
> Task :data-local:mergeDebugConsumerProguardFiles UP-TO-DATE
> Task :data-local:prepareDebugArtProfile UP-TO-DATE
> Task :data-local:prepareLintJarForPublish UP-TO-DATE
> Task :data-local:processDebugJavaRes UP-TO-DATE
> Task :data-local:mergeDebugJavaResource UP-TO-DATE
> Task :data-local:syncDebugLibJars UP-TO-DATE
> Task :data-local:bundleDebugLocalLintAar UP-TO-DATE
> Task :data-local:bundleLibRuntimeToJarDebug UP-TO-DATE
> Task :data-local:createFullJarDebug UP-TO-DATE
> Task :data-local:writeDebugLintModelMetadata UP-TO-DATE
> Task :app:extractProguardFiles UP-TO-DATE
> Task :data-local:extractProguardFiles UP-TO-DATE
> Task :data-local:generateDebugLintModel
> Task :app:preDebugUnitTestBuild UP-TO-DATE
> Task :app:compileDebugKotlin
> Task :app:compileDebugJavaWithJavac UP-TO-DATE
> Task :app:bundleDebugClassesToCompileJar
> Task :app:compileDebugAndroidTestKotlin
> Task :app:generateDebugAndroidTestLintModel
> Task :app:generateDebugLintReportModel
> Task :app:generateDebugUnitTestLintModel
> Task :data-local:lintAnalyzeDebug
> Task :app:lintAnalyzeDebugAndroidTest
> Task :app:lintAnalyzeDebug
> Task :app:lintAnalyzeDebugUnitTest
> Task :data-local:generateDebugAndroidTestLintModel
> Task :data-local:preDebugUnitTestBuild UP-TO-DATE
> Task :data-local:generateDebugUnitTestLintModel
> Task :data-local:lintAnalyzeDebugAndroidTest
> Task :data-local:lintAnalyzeDebugUnitTest
> Task :app:lintReportDebug
> Task :app:lintDebug
BUILD SUCCESSFUL in 3m 59s
> Task :core-domain:checkKotlinGradlePluginConfigurationErrors SKIPPED
> Task :core-domain:compileKotlin UP-TO-DATE
> Task :core-domain:compileJava NO-SOURCE
> Task :core-domain:processResources NO-SOURCE
> Task :core-domain:classes UP-TO-DATE
> Task :core-domain:jar UP-TO-DATE
> Task :app:preBuild UP-TO-DATE
> Task :app:preDebugBuild UP-TO-DATE
> Task :app:generateDebugBuildConfig UP-TO-DATE
> Task :app:generateDebugResources UP-TO-DATE
> Task :app:packageDebugResources UP-TO-DATE
> Task :data-local:preBuild UP-TO-DATE
> Task :data-local:preDebugBuild UP-TO-DATE
> Task :data-local:processDebugNavigationResources UP-TO-DATE
> Task :app:processDebugNavigationResources UP-TO-DATE
> Task :app:parseDebugLocalResources UP-TO-DATE
> Task :app:generateDebugRFile UP-TO-DATE
> Task :data-local:generateDebugResources UP-TO-DATE
> Task :data-local:packageDebugResources UP-TO-DATE
> Task :data-local:parseDebugLocalResources UP-TO-DATE
> Task :data-local:generateDebugRFile UP-TO-DATE
> Task :data-local:kspDebugKotlin UP-TO-DATE
> Task :data-local:compileDebugKotlin UP-TO-DATE
> Task :data-local:javaPreCompileDebug UP-TO-DATE
> Task :data-local:compileDebugJavaWithJavac NO-SOURCE
> Task :data-local:bundleLibCompileToJarDebug UP-TO-DATE
> Task :app:javaPreCompileDebug UP-TO-DATE
> Task :data-local:writeDebugAarMetadata UP-TO-DATE
> Task :app:checkDebugAarMetadata UP-TO-DATE
> Task :app:mapDebugSourceSetPaths UP-TO-DATE
> Task :app:compileDebugNavigationResources UP-TO-DATE
> Task :app:mergeDebugResources UP-TO-DATE
> Task :app:createDebugCompatibleScreenManifests UP-TO-DATE
> Task :app:extractDeepLinksDebug UP-TO-DATE
> Task :data-local:extractDeepLinksDebug UP-TO-DATE
> Task :data-local:processDebugManifest UP-TO-DATE
> Task :app:processDebugMainManifest UP-TO-DATE
> Task :app:processDebugManifest UP-TO-DATE
> Task :app:processDebugManifestForPackage UP-TO-DATE
> Task :data-local:mapDebugSourceSetPaths UP-TO-DATE
> Task :data-local:compileDebugLibraryResources UP-TO-DATE
> Task :app:processDebugResources UP-TO-DATE
> Task :app:preDebugAndroidTestBuild SKIPPED
> Task :app:processDebugAndroidTestManifest UP-TO-DATE
> Task :app:generateDebugAndroidTestBuildConfig UP-TO-DATE
> Task :app:generateDebugAndroidTestResources UP-TO-DATE
> Task :app:packageDebugAndroidTestResources UP-TO-DATE
> Task :app:processDebugAndroidTestNavigationResources UP-TO-DATE
> Task :app:parseDebugAndroidTestLocalResources UP-TO-DATE
> Task :app:generateDebugAndroidTestRFile UP-TO-DATE
> Task :data-local:checkDebugAarMetadata UP-TO-DATE
> Task :data-local:mergeDebugJniLibFolders UP-TO-DATE
> Task :data-local:mergeDebugNativeLibs NO-SOURCE
> Task :data-local:stripDebugDebugSymbols NO-SOURCE
> Task :data-local:copyDebugJniLibsProjectAndLocalJars UP-TO-DATE
> Task :data-local:extractDebugAnnotations UP-TO-DATE
> Task :data-local:extractDeepLinksForAarDebug UP-TO-DATE
> Task :data-local:generateDebugAssets UP-TO-DATE
> Task :data-local:mergeDebugAssets UP-TO-DATE
> Task :data-local:mergeDebugGeneratedProguardFiles UP-TO-DATE
> Task :data-local:mergeDebugConsumerProguardFiles UP-TO-DATE
> Task :data-local:prepareDebugArtProfile UP-TO-DATE
> Task :data-local:prepareLintJarForPublish UP-TO-DATE
> Task :data-local:processDebugJavaRes UP-TO-DATE
> Task :data-local:mergeDebugJavaResource UP-TO-DATE
> Task :data-local:syncDebugLibJars UP-TO-DATE
> Task :data-local:bundleDebugLocalLintAar UP-TO-DATE
> Task :data-local:bundleLibRuntimeToJarDebug UP-TO-DATE
> Task :data-local:createFullJarDebug UP-TO-DATE
> Task :data-local:writeDebugLintModelMetadata UP-TO-DATE
> Task :app:extractProguardFiles UP-TO-DATE
> Task :data-local:extractProguardFiles UP-TO-DATE
> Task :data-local:generateDebugLintModel UP-TO-DATE
> Task :app:preDebugUnitTestBuild UP-TO-DATE
> Task :data-local:lintAnalyzeDebug UP-TO-DATE
> Task :data-local:preDebugAndroidTestBuild UP-TO-DATE
> Task :data-local:generateDebugAndroidTestLintModel UP-TO-DATE
> Task :data-local:preDebugUnitTestBuild UP-TO-DATE
> Task :data-local:generateDebugUnitTestLintModel UP-TO-DATE
> Task :data-local:lintAnalyzeDebugAndroidTest UP-TO-DATE
> Task :data-local:lintAnalyzeDebugUnitTest UP-TO-DATE
> Task :app:compileDebugKotlin
> Task :app:compileDebugJavaWithJavac UP-TO-DATE
> Task :app:bundleDebugClassesToCompileJar
> Task :app:generateDebugLintReportModel
> Task :app:compileDebugAndroidTestKotlin UP-TO-DATE
> Task :app:generateDebugAndroidTestLintModel
> Task :app:generateDebugUnitTestLintModel
> Task :app:lintAnalyzeDebug
> Task :app:lintAnalyzeDebugAndroidTest
> Task :app:lintAnalyzeDebugUnitTest
> Task :app:lintReportDebug
> Task :app:lintDebug
BUILD SUCCESSFUL in 3m 34s
> Task :core-domain:checkKotlinGradlePluginConfigurationErrors SKIPPED
> Task :core-domain:compileKotlin UP-TO-DATE
> Task :core-domain:compileJava NO-SOURCE
> Task :core-domain:processResources NO-SOURCE
> Task :core-domain:classes UP-TO-DATE
> Task :core-domain:jar UP-TO-DATE
> Task :app:preBuild UP-TO-DATE
> Task :app:preDebugBuild UP-TO-DATE
> Task :app:generateDebugBuildConfig UP-TO-DATE
> Task :app:generateDebugResources UP-TO-DATE
> Task :app:packageDebugResources UP-TO-DATE
> Task :data-local:preBuild UP-TO-DATE
> Task :data-local:preDebugBuild UP-TO-DATE
> Task :data-local:processDebugNavigationResources UP-TO-DATE
> Task :app:processDebugNavigationResources UP-TO-DATE
> Task :app:parseDebugLocalResources UP-TO-DATE
> Task :app:generateDebugRFile UP-TO-DATE
> Task :data-local:generateDebugResources UP-TO-DATE
> Task :data-local:packageDebugResources UP-TO-DATE
> Task :data-local:parseDebugLocalResources UP-TO-DATE
> Task :data-local:generateDebugRFile UP-TO-DATE
> Task :data-local:javaPreCompileDebug UP-TO-DATE
> Task :app:javaPreCompileDebug UP-TO-DATE
> Task :data-local:writeDebugAarMetadata UP-TO-DATE
> Task :app:checkDebugAarMetadata UP-TO-DATE
> Task :app:mapDebugSourceSetPaths UP-TO-DATE
> Task :app:compileDebugNavigationResources UP-TO-DATE
> Task :app:mergeDebugResources UP-TO-DATE
> Task :app:createDebugCompatibleScreenManifests UP-TO-DATE
> Task :app:extractDeepLinksDebug UP-TO-DATE
> Task :data-local:extractDeepLinksDebug UP-TO-DATE
> Task :data-local:processDebugManifest UP-TO-DATE
> Task :app:processDebugMainManifest UP-TO-DATE
> Task :app:processDebugManifest UP-TO-DATE
> Task :app:processDebugManifestForPackage UP-TO-DATE
> Task :data-local:mapDebugSourceSetPaths UP-TO-DATE
> Task :data-local:compileDebugLibraryResources UP-TO-DATE
> Task :app:processDebugResources UP-TO-DATE
> Task :app:preDebugAndroidTestBuild SKIPPED
> Task :app:processDebugAndroidTestManifest UP-TO-DATE
> Task :app:generateDebugAndroidTestBuildConfig UP-TO-DATE
> Task :app:generateDebugAndroidTestResources UP-TO-DATE
> Task :app:packageDebugAndroidTestResources UP-TO-DATE
> Task :app:processDebugAndroidTestNavigationResources UP-TO-DATE
> Task :app:parseDebugAndroidTestLocalResources UP-TO-DATE
> Task :app:generateDebugAndroidTestRFile UP-TO-DATE
> Task :data-local:preDebugAndroidTestBuild UP-TO-DATE
> Task :data-local:generateDebugAndroidTestResources UP-TO-DATE
> Task :data-local:packageDebugAndroidTestResources UP-TO-DATE
> Task :data-local:processDebugAndroidTestNavigationResources UP-TO-DATE
> Task :data-local:parseDebugAndroidTestLocalResources UP-TO-DATE
> Task :data-local:generateDebugAndroidTestRFile UP-TO-DATE
> Task :data-local:checkDebugAarMetadata UP-TO-DATE
> Task :data-local:mergeDebugJniLibFolders UP-TO-DATE
> Task :data-local:mergeDebugNativeLibs NO-SOURCE
> Task :data-local:stripDebugDebugSymbols NO-SOURCE
> Task :data-local:copyDebugJniLibsProjectAndLocalJars UP-TO-DATE
> Task :data-local:extractDeepLinksForAarDebug UP-TO-DATE
> Task :data-local:generateDebugAssets UP-TO-DATE
> Task :data-local:mergeDebugAssets UP-TO-DATE
> Task :data-local:prepareDebugArtProfile UP-TO-DATE
> Task :data-local:prepareLintJarForPublish UP-TO-DATE
> Task :data-local:writeDebugLintModelMetadata UP-TO-DATE
> Task :app:extractProguardFiles UP-TO-DATE
> Task :data-local:extractProguardFiles UP-TO-DATE
> Task :app:preDebugUnitTestBuild UP-TO-DATE
> Task :data-local:preDebugUnitTestBuild UP-TO-DATE
> Task :data-local:kspDebugKotlin
> Task :data-local:extractDebugAnnotations
> Task :data-local:compileDebugKotlin
> Task :data-local:compileDebugJavaWithJavac NO-SOURCE
> Task :data-local:mergeDebugGeneratedProguardFiles UP-TO-DATE
> Task :data-local:mergeDebugConsumerProguardFiles UP-TO-DATE
> Task :data-local:processDebugJavaRes UP-TO-DATE
> Task :data-local:mergeDebugJavaResource UP-TO-DATE
> Task :data-local:bundleLibCompileToJarDebug
> Task :data-local:syncDebugLibJars
> Task :app:compileDebugKotlin UP-TO-DATE
> Task :app:compileDebugJavaWithJavac UP-TO-DATE
> Task :app:bundleDebugClassesToCompileJar UP-TO-DATE
> Task :app:compileDebugAndroidTestKotlin UP-TO-DATE
> Task :data-local:bundleDebugLocalLintAar
> Task :data-local:bundleLibRuntimeToJarDebug
> Task :data-local:createFullJarDebug
> Task :app:generateDebugAndroidTestLintModel
> Task :data-local:generateDebugLintModel
> Task :app:generateDebugLintReportModel
> Task :data-local:kspDebugAndroidTestKotlin
> Task :app:generateDebugUnitTestLintModel
> Task :data-local:compileDebugAndroidTestKotlin
> Task :data-local:lintAnalyzeDebug
> Task :app:lintAnalyzeDebugAndroidTest
> Task :app:lintAnalyzeDebug
> Task :app:lintAnalyzeDebugUnitTest
> Task :data-local:generateDebugAndroidTestLintModel
> Task :data-local:generateDebugUnitTestLintModel
> Task :data-local:lintAnalyzeDebugAndroidTest
> Task :data-local:lintAnalyzeDebugUnitTest
> Task :app:lintReportDebug
> Task :app:lintDebug
BUILD SUCCESSFUL in 4m 10s
> Task :core-domain:checkKotlinGradlePluginConfigurationErrors SKIPPED
> Task :core-domain:compileKotlin UP-TO-DATE
> Task :core-domain:compileJava NO-SOURCE
> Task :core-domain:processResources NO-SOURCE
> Task :core-domain:classes UP-TO-DATE
> Task :core-domain:jar UP-TO-DATE
> Task :app:preBuild UP-TO-DATE
> Task :app:preDebugBuild UP-TO-DATE
> Task :app:generateDebugBuildConfig UP-TO-DATE
> Task :app:generateDebugResources UP-TO-DATE
> Task :app:packageDebugResources UP-TO-DATE
> Task :data-local:preBuild UP-TO-DATE
> Task :data-local:preDebugBuild UP-TO-DATE
> Task :data-local:processDebugNavigationResources UP-TO-DATE
> Task :app:processDebugNavigationResources UP-TO-DATE
> Task :app:parseDebugLocalResources UP-TO-DATE
> Task :app:generateDebugRFile UP-TO-DATE
> Task :data-local:generateDebugResources UP-TO-DATE
> Task :data-local:packageDebugResources UP-TO-DATE
> Task :data-local:parseDebugLocalResources UP-TO-DATE
> Task :data-local:generateDebugRFile UP-TO-DATE
> Task :data-local:kspDebugKotlin UP-TO-DATE
> Task :data-local:compileDebugKotlin UP-TO-DATE
> Task :data-local:javaPreCompileDebug UP-TO-DATE
> Task :data-local:compileDebugJavaWithJavac NO-SOURCE
> Task :data-local:bundleLibCompileToJarDebug UP-TO-DATE
> Task :app:compileDebugKotlin UP-TO-DATE
> Task :app:javaPreCompileDebug UP-TO-DATE
> Task :app:compileDebugJavaWithJavac UP-TO-DATE
> Task :data-local:writeDebugAarMetadata UP-TO-DATE
> Task :app:checkDebugAarMetadata UP-TO-DATE
> Task :app:mapDebugSourceSetPaths UP-TO-DATE
> Task :app:compileDebugNavigationResources UP-TO-DATE
> Task :app:mergeDebugResources UP-TO-DATE
> Task :app:createDebugCompatibleScreenManifests UP-TO-DATE
> Task :app:extractDeepLinksDebug UP-TO-DATE
> Task :data-local:extractDeepLinksDebug UP-TO-DATE
> Task :data-local:processDebugManifest UP-TO-DATE
> Task :app:processDebugMainManifest UP-TO-DATE
> Task :app:processDebugManifest UP-TO-DATE
> Task :app:processDebugManifestForPackage UP-TO-DATE
> Task :data-local:mapDebugSourceSetPaths UP-TO-DATE
> Task :data-local:compileDebugLibraryResources UP-TO-DATE
> Task :app:processDebugResources UP-TO-DATE
> Task :app:bundleDebugClassesToCompileJar UP-TO-DATE
> Task :app:preDebugAndroidTestBuild SKIPPED
> Task :app:processDebugAndroidTestManifest UP-TO-DATE
> Task :app:generateDebugAndroidTestBuildConfig UP-TO-DATE
> Task :app:generateDebugAndroidTestResources UP-TO-DATE
> Task :app:packageDebugAndroidTestResources UP-TO-DATE
> Task :app:processDebugAndroidTestNavigationResources UP-TO-DATE
> Task :app:parseDebugAndroidTestLocalResources UP-TO-DATE
> Task :app:generateDebugAndroidTestRFile UP-TO-DATE
> Task :app:compileDebugAndroidTestKotlin
BUILD SUCCESSFUL in 12s
Same-version official MuPDF 1.28.5 Java API-only AAR temporarily substituted. No native certification or full APK.
